// Jest Snapshot v1, https://goo.gl/fbAQLP

exports[`ArticleコンポーネントSnapshot snapshot 1`] = `
<DocumentFragment>
  <div>
    articles
  </div>
</DocumentFragment>
`;

exports[`Page(Article)コンポーネントSnapshot snapshot 1`] = `
<DocumentFragment>
  <div>
    articles
  </div>
</DocumentFragment>
`;

exports[`PageコンポーネントSnapshot snapshot 1`] = `
<DocumentFragment>
  <div>
    articles
  </div>
</DocumentFragment>
`;
